go : # nagare
所在位置 行:1 字符: 1
+ go build ./... > buil
d_errors.txt 2>&1
+ ~~~~~~~~~~~~~~~~~~~~~
~~~~~~~~~~~~~~~~~
    + CategoryInfo     
         : NotSpecifi  
  ed: (# nagare:Stri   
 ng) [], RemoteExce    
ption
    + FullyQualifiedEr 
   rorId : NativeComm  
  andError
 
.\test_500.go:10:6: mai
n redeclared in this bl
ock
	.\generate_gmail_token
.go:15:6: other declara
tion of main
